[DATA_POINT]
1="dom_interactive [http://advantageonlineshopping.com/]"
2="dom_content_loaded [http://advantageonlineshopping.com/]"
3="page_load [http://advantageonlineshopping.com/]"
4="HTTP_200"
5="mic_recv"
6="HTTP_204"
[END_TRANSACTION]
26="https://region1.google-analytics.com/g/collect?v=2&tid=G-TBPYED8WSW&gtm=45je3bt0v897424900&_p=1702044692850&gcd=11l1l1l1l1&dma_cps=sypham&dma=1&cid=1721141047.1702044698&ul=fr-fr&sr=1535x816&_s=1&sid=1702044698&sct=1&seg=0&dl=http%3A%2F%2Fadvantageonlineshopping.com%2F&dt=%C2%A0Advantage%20Shopping&en=page_view&_fv=1&_nsi=1&_ss=1&_ee=1&tfd=8867"
27="http://www.google-analytics.com/analytics.js"
28="https://region1.google-analytics.com/g/collect?v=2&tid=G-TBPYED8WSW&gtm=45je3bt0v897424900&_p=1702044713764&gcd=11l1l1l1l1&dma_cps=sypham&dma=1&cid=746202778.1702044714&ul=fr-fr&sr=1535x816&_s=1&sid=1702044713&sct=1&seg=0&dl=http%3A%2F%2Fadvantageonlineshopping.com%2F&dt=%C2%A0Advantage%20Shopping&en=page_view&_fv=1&_nsi=1&_ss=1&_ee=1&tfd=6353"
29="https://region1.google-analytics.com/g/collect?v=2&tid=G-TBPYED8WSW&gtm=45je3bt0v897424900&_p=1702044713764&gcd=11l1l1l1l1&dma_cps=sypham&dma=1&cid=746202778.1702044714&ul=fr-fr&sr=1535x816&_eu=AEA&_s=2&sid=1702044713&sct=1&seg=0&dl=http%3A%2F%2Fadvantageonlineshopping.com%2F&dt=%C2%A0Advantage%20Shopping&en=scroll&epn.percent_scrolled=90&tfd=11367"
30="https://region1.google-analytics.com/g/collect?v=2&tid=G-TBPYED8WSW&gtm=45je3bt0v897424900&_p=1702044725876&gcd=11l1l1l1l1&dma_cps=sypham&dma=1&cid=1482989506.1702044726&ul=fr-fr&sr=1535x816&_s=1&sid=1702044726&sct=1&seg=0&dl=http%3A%2F%2Fadvantageonlineshopping.com%2F&dt=%C2%A0Advantage%20Shopping&en=page_view&_fv=1&_nsi=1&_ss=1&_ee=1&tfd=1109"
31="https://region1.google-analytics.com/g/collect?v=2&tid=G-TBPYED8WSW&gtm=45je3bt0v897424900&_p=1702044725876&gcd=11l1l1l1l1&dma_cps=sypham&dma=1&cid=1482989506.1702044726&ul=fr-fr&sr=1535x816&_eu=AEA&_s=2&sid=1702044726&sct=1&seg=0&dl=http%3A%2F%2Fadvantageonlineshopping.com%2F&dt=%C2%A0Advantage%20Shopping&en=scroll&epn.percent_scrolled=90&tfd=6127"
10="https://region1.google-analytics.com/g/collect?v=2&tid=G-TBPYED8WSW&gtm=45je3bt0v897424900&_p=1702044620748&gcd=11l1l1l1l1&dma_cps=sypham&dma=1&cid=1569991852.1702044621&ul=fr-fr&sr=1535x816&_s=1&sid=1702044620&sct=1&seg=0&dl=http%3A%2F%2Fadvantageonlineshopping.com%2F&dt=%C2%A0Advantage%20Shopping&en=page_view&_fv=1&_nsi=1&_ss=1&_ee=1&tfd=509"
11="https://region1.google-analytics.com/g/collect?v=2&tid=G-TBPYED8WSW&gtm=45je3bt0v897424900&_p=1702044625621&gcd=11l1l1l1l1&dma_cps=sypham&dma=1&cid=133752571.1702044626&ul=fr-fr&sr=1535x816&_s=1&sid=1702044625&sct=1&seg=0&dl=http%3A%2F%2Fadvantageonlineshopping.com%2F&dt=%C2%A0Advantage%20Shopping&en=page_view&_fv=1&_nsi=1&_ss=1&_ee=1&tfd=518"
12="https://region1.google-analytics.com/g/collect?v=2&tid=G-TBPYED8WSW&gtm=45je3bt0v897424900&_p=1702044630499&gcd=11l1l1l1l1&dma_cps=sypham&dma=1&cid=666111240.1702044631&ul=fr-fr&sr=1535x816&_s=1&sid=1702044630&sct=1&seg=0&dl=http%3A%2F%2Fadvantageonlineshopping.com%2F&dt=%C2%A0Advantage%20Shopping&en=page_view&_fv=1&_nsi=1&_ss=1&_ee=1&tfd=489"
13="https://region1.google-analytics.com/g/collect?v=2&tid=G-TBPYED8WSW&gtm=45je3bt0v897424900&_p=1702044635327&gcd=11l1l1l1l1&dma_cps=sypham&dma=1&cid=208308669.1702044635&ul=fr-fr&sr=1535x816&_s=1&sid=1702044635&sct=1&seg=0&dl=http%3A%2F%2Fadvantageonlineshopping.com%2F&dt=%C2%A0Advantage%20Shopping&en=page_view&_fv=1&_nsi=1&_ss=1&_ee=1&tfd=489"
14="https://region1.google-analytics.com/g/collect?v=2&tid=G-TBPYED8WSW&gtm=45je3bt0v897424900&_p=1702044640183&gcd=11l1l1l1l1&dma_cps=sypham&dma=1&cid=953227523.1702044640&ul=fr-fr&sr=1535x816&_s=1&sid=1702044640&sct=1&seg=0&dl=http%3A%2F%2Fadvantageonlineshopping.com%2F&dt=%C2%A0Advantage%20Shopping&en=page_view&_fv=1&_nsi=1&_ss=1&_ee=1&tfd=489"
15="https://region1.google-analytics.com/g/collect?v=2&tid=G-TBPYED8WSW&gtm=45je3bt0v897424900&_p=1702044645006&gcd=11l1l1l1l1&dma_cps=sypham&dma=1&cid=831297971.1702044645&ul=fr-fr&sr=1535x816&_s=1&sid=1702044645&sct=1&seg=0&dl=http%3A%2F%2Fadvantageonlineshopping.com%2F&dt=%C2%A0Advantage%20Shopping&en=page_view&_fv=1&_nsi=1&_ss=1&_ee=1&tfd=524"
16="https://region1.google-analytics.com/g/collect?v=2&tid=G-TBPYED8WSW&gtm=45je3bt0v897424900&_p=1702044649955&gcd=11l1l1l1l1&dma_cps=sypham&dma=1&cid=37733692.1702044650&ul=fr-fr&sr=1535x816&ngs=1&_s=1&sid=1702044649&sct=1&seg=0&dl=http%3A%2F%2Fadvantageonlineshopping.com%2F&dt=%C2%A0Advantage%20Shopping&en=page_view&_fv=1&_nsi=1&_ss=1&_ee=1&tfd=597"
17="https://region1.google-analytics.com/g/collect?v=2&tid=G-TBPYED8WSW&gtm=45je3bt0v897424900&_p=1702044654804&gcd=11l1l1l1l1&dma_cps=sypham&dma=1&cid=1660459838.1702044655&ul=fr-fr&sr=1535x816&_s=1&sid=1702044654&sct=1&seg=0&dl=http%3A%2F%2Fadvantageonlineshopping.com%2F&dt=%C2%A0Advantage%20Shopping&en=page_view&_fv=1&_nsi=1&_ss=1&_ee=1&tfd=505"
18="https://region1.google-analytics.com/g/collect?v=2&tid=G-TBPYED8WSW&gtm=45je3bt0v897424900&_p=1702044659603&gcd=11l1l1l1l1&dma_cps=sypham&dma=1&cid=1231949444.1702044660&ul=fr-fr&sr=1535x816&_s=1&sid=1702044659&sct=1&seg=0&dl=http%3A%2F%2Fadvantageonlineshopping.com%2F&dt=%C2%A0Advantage%20Shopping&en=page_view&_fv=1&_nsi=1&_ss=1&_ee=1&tfd=488"
19="https://region1.google-analytics.com/g/collect?v=2&tid=G-TBPYED8WSW&gtm=45je3bt0v897424900&_p=1702044664457&gcd=11l1l1l1l1&dma_cps=sypham&dma=1&cid=1427695422.1702044664&ul=fr-fr&sr=1535x816&_s=1&sid=1702044664&sct=1&seg=0&dl=http%3A%2F%2Fadvantageonlineshopping.com%2F&dt=%C2%A0Advantage%20Shopping&en=page_view&_fv=1&_nsi=1&_ss=1&_ee=1&tfd=488"
1="http://advantageonlineshopping.com/"
2="http://advantageonlineshopping.com/css/main.min.css"
3="https://www.googletagmanager.com/gtag/js?id=G-TBPYED8WSW"
4="http://advantageonlineshopping.com/css/images/Down_arrow.svg"
5="http://advantageonlineshopping.com/vendor/requirejs/require.js"
6="https://region1.google-analytics.com/g/collect?v=2&tid=G-TBPYED8WSW&gtm=45je3bt0v897424900&_p=1702044606169&gcd=11l1l1l1l1&dma_cps=sypham&dma=1&cid=50046057.1702044606&ul=fr-fr&sr=1535x816&_s=1&sid=1702044606&sct=1&seg=0&dl=http%3A%2F%2Fadvantageonlineshopping.com%2F&dt=%C2%A0Advantage%20Shopping&en=page_view&_fv=1&_nsi=1&_ss=1&_ee=1&tfd=600"
20="https://region1.google-analytics.com/g/collect?v=2&tid=G-TBPYED8WSW&gtm=45je3bt0v897424900&_p=1702044669303&gcd=11l1l1l1l1&dma_cps=sypham&dma=1&cid=1656689067.1702044669&ul=fr-fr&sr=1535x816&_s=1&sid=1702044669&sct=1&seg=0&dl=http%3A%2F%2Fadvantageonlineshopping.com%2F&dt=%C2%A0Advantage%20Shopping&en=page_view&_fv=1&_nsi=1&_ss=1&_ee=1&tfd=542"
7="http://advantageonlineshopping.com/css/images/favicon.ico"
21="https://region1.google-analytics.com/g/collect?v=2&tid=G-TBPYED8WSW&gtm=45je3bt0v897424900&_p=1702044674180&gcd=11l1l1l1l1&dma_cps=sypham&dma=1&cid=1585170746.1702044674&ul=fr-fr&sr=1535x816&_s=1&sid=1702044674&sct=1&seg=0&dl=http%3A%2F%2Fadvantageonlineshopping.com%2F&dt=%C2%A0Advantage%20Shopping&en=page_view&_fv=1&_nsi=1&_ss=1&_ee=1&tfd=570"
8="https://region1.google-analytics.com/g/collect?v=2&tid=G-TBPYED8WSW&gtm=45je3bt0v897424900&_p=1702044610980&gcd=11l1l1l1l1&dma_cps=sypham&dma=1&cid=1706352649.1702044611&ul=fr-fr&sr=1535x816&_s=1&sid=1702044610&sct=1&seg=0&dl=http%3A%2F%2Fadvantageonlineshopping.com%2F&dt=%C2%A0Advantage%20Shopping&en=page_view&_fv=1&_nsi=1&_ss=1&_ee=1&tfd=531"
22="https://region1.google-analytics.com/g/collect?v=2&tid=G-TBPYED8WSW&gtm=45je3bt0v897424900&_p=1702044679184&gcd=11l1l1l1l1&dma_cps=sypham&dma=1&cid=1186405487.1702044679&ul=fr-fr&sr=1535x816&_s=1&sid=1702044679&sct=1&seg=0&dl=http%3A%2F%2Fadvantageonlineshopping.com%2F&dt=%C2%A0Advantage%20Shopping&en=page_view&_fv=1&_nsi=1&_ss=1&_ee=1&tfd=858"
9="https://region1.google-analytics.com/g/collect?v=2&tid=G-TBPYED8WSW&gtm=45je3bt0v897424900&_p=1702044615890&gcd=11l1l1l1l1&dma_cps=sypham&dma=1&cid=1804927106.1702044616&ul=fr-fr&sr=1535x816&_s=1&sid=1702044615&sct=1&seg=0&dl=http%3A%2F%2Fadvantageonlineshopping.com%2F&dt=%C2%A0Advantage%20Shopping&en=page_view&_fv=1&_nsi=1&_ss=1&_ee=1&tfd=599"
23="http://advantageonlineshopping.com/main.min.js"
24="http://advantageonlineshopping.com/services.properties"
25="https://region1.google-analytics.com/g/collect?v=2&tid=G-TBPYED8WSW&gtm=45je3bt0v897424900&_p=1702044684653&gcd=11l1l1l1l1&dma_cps=sypham&dma=1&cid=1982243074.1702044685&ul=fr-fr&sr=1535x816&_s=1&sid=1702044684&sct=1&seg=0&dl=http%3A%2F%2Fadvantageonlineshopping.com%2F&dt=%C2%A0Advantage%20Shopping&en=page_view&_fv=1&_nsi=1&_ss=1&_ee=1&tfd=620"
